Archive member included to satisfy reference by file (symbol)

/usr/lib/gcc/arm-none-eabi/13.2.1/../../../arm-none-eabi/lib/thumb/v7-m/nofp/libc.a(libc_a-memset.o)
                              /usr/lib/gcc/arm-none-eabi/13.2.1/../../../arm-none-eabi/lib/thumb/v7-m/nofp/crt0.o (memset)
/usr/lib/gcc/arm-none-eabi/13.2.1/../../../arm-none-eabi/lib/thumb/v7-m/nofp/libc.a(libc_a-init.o)
                              /usr/lib/gcc/arm-none-eabi/13.2.1/../../../arm-none-eabi/lib/thumb/v7-m/nofp/crt0.o (__libc_init_array)
/usr/lib/gcc/arm-none-eabi/13.2.1/../../../arm-none-eabi/lib/thumb/v7-m/nofp/libc.a(libc_a-exit.o)
                              /usr/lib/gcc/arm-none-eabi/13.2.1/../../../arm-none-eabi/lib/thumb/v7-m/nofp/crt0.o (exit)
/usr/lib/gcc/arm-none-eabi/13.2.1/../../../arm-none-eabi/lib/thumb/v7-m/nofp/libc.a(libc_a-atexit.o)
                              /usr/lib/gcc/arm-none-eabi/13.2.1/../../../arm-none-eabi/lib/thumb/v7-m/nofp/crt0.o (atexit)
/usr/lib/gcc/arm-none-eabi/13.2.1/../../../arm-none-eabi/lib/thumb/v7-m/nofp/libc.a(libc_a-fini.o)
                              /usr/lib/gcc/arm-none-eabi/13.2.1/../../../arm-none-eabi/lib/thumb/v7-m/nofp/crt0.o (__libc_fini_array)
/usr/lib/gcc/arm-none-eabi/13.2.1/../../../arm-none-eabi/lib/thumb/v7-m/nofp/libc.a(libc_a-__call_atexit.o)
                              /usr/lib/gcc/arm-none-eabi/13.2.1/../../../arm-none-eabi/lib/thumb/v7-m/nofp/libc.a(libc_a-exit.o) (__call_exitprocs)
/usr/lib/gcc/arm-none-eabi/13.2.1/../../../arm-none-eabi/lib/thumb/v7-m/nofp/libc.a(libc_a-__atexit.o)
                              /usr/lib/gcc/arm-none-eabi/13.2.1/../../../arm-none-eabi/lib/thumb/v7-m/nofp/libc.a(libc_a-atexit.o) (__register_exitproc)
/usr/lib/gcc/arm-none-eabi/13.2.1/../../../arm-none-eabi/lib/thumb/v7-m/nofp/libc.a(libc_a-findfp.o)
                              /usr/lib/gcc/arm-none-eabi/13.2.1/../../../arm-none-eabi/lib/thumb/v7-m/nofp/libc.a(libc_a-exit.o) (__stdio_exit_handler)
/usr/lib/gcc/arm-none-eabi/13.2.1/../../../arm-none-eabi/lib/thumb/v7-m/nofp/libc.a(libc_a-fwalk.o)
                              /usr/lib/gcc/arm-none-eabi/13.2.1/../../../arm-none-eabi/lib/thumb/v7-m/nofp/libc.a(libc_a-findfp.o) (_fwalk_sglue)
/usr/lib/gcc/arm-none-eabi/13.2.1/../../../arm-none-eabi/lib/thumb/v7-m/nofp/libc.a(libc_a-impure.o)
                              /usr/lib/gcc/arm-none-eabi/13.2.1/../../../arm-none-eabi/lib/thumb/v7-m/nofp/libc.a(libc_a-findfp.o) (_impure_data)
/usr/lib/gcc/arm-none-eabi/13.2.1/../../../arm-none-eabi/lib/thumb/v7-m/nofp/libc.a(libc_a-mallocr.o)
                              /usr/lib/gcc/arm-none-eabi/13.2.1/../../../arm-none-eabi/lib/thumb/v7-m/nofp/libc.a(libc_a-findfp.o) (_malloc_r)
/usr/lib/gcc/arm-none-eabi/13.2.1/../../../arm-none-eabi/lib/thumb/v7-m/nofp/libc.a(libc_a-freer.o)
                              /usr/lib/gcc/arm-none-eabi/13.2.1/../../../arm-none-eabi/lib/thumb/v7-m/nofp/libc.a(libc_a-mallocr.o) (_free_r)
/usr/lib/gcc/arm-none-eabi/13.2.1/../../../arm-none-eabi/lib/thumb/v7-m/nofp/libc.a(libc_a-fclose.o)
                              /usr/lib/gcc/arm-none-eabi/13.2.1/../../../arm-none-eabi/lib/thumb/v7-m/nofp/libc.a(libc_a-findfp.o) (_fclose_r)
/usr/lib/gcc/arm-none-eabi/13.2.1/../../../arm-none-eabi/lib/thumb/v7-m/nofp/libc.a(libc_a-sysconf.o)
                              /usr/lib/gcc/arm-none-eabi/13.2.1/../../../arm-none-eabi/lib/thumb/v7-m/nofp/libc.a(libc_a-mallocr.o) (sysconf)
/usr/lib/gcc/arm-none-eabi/13.2.1/../../../arm-none-eabi/lib/thumb/v7-m/nofp/libc.a(libc_a-stdio.o)
                              /usr/lib/gcc/arm-none-eabi/13.2.1/../../../arm-none-eabi/lib/thumb/v7-m/nofp/libc.a(libc_a-findfp.o) (__sread)
/usr/lib/gcc/arm-none-eabi/13.2.1/../../../arm-none-eabi/lib/thumb/v7-m/nofp/libc.a(libc_a-writer.o)
                              /usr/lib/gcc/arm-none-eabi/13.2.1/../../../arm-none-eabi/lib/thumb/v7-m/nofp/libc.a(libc_a-stdio.o) (_write_r)
/usr/lib/gcc/arm-none-eabi/13.2.1/../../../arm-none-eabi/lib/thumb/v7-m/nofp/libc.a(libc_a-mlock.o)
                              /usr/lib/gcc/arm-none-eabi/13.2.1/../../../arm-none-eabi/lib/thumb/v7-m/nofp/libc.a(libc_a-mallocr.o) (__malloc_lock)
/usr/lib/gcc/arm-none-eabi/13.2.1/../../../arm-none-eabi/lib/thumb/v7-m/nofp/libc.a(libc_a-sbrkr.o)
                              /usr/lib/gcc/arm-none-eabi/13.2.1/../../../arm-none-eabi/lib/thumb/v7-m/nofp/libc.a(libc_a-mallocr.o) (_sbrk_r)
/usr/lib/gcc/arm-none-eabi/13.2.1/../../../arm-none-eabi/lib/thumb/v7-m/nofp/libc.a(libc_a-closer.o)
                              /usr/lib/gcc/arm-none-eabi/13.2.1/../../../arm-none-eabi/lib/thumb/v7-m/nofp/libc.a(libc_a-stdio.o) (_close_r)
/usr/lib/gcc/arm-none-eabi/13.2.1/../../../arm-none-eabi/lib/thumb/v7-m/nofp/libc.a(libc_a-fflush.o)
                              /usr/lib/gcc/arm-none-eabi/13.2.1/../../../arm-none-eabi/lib/thumb/v7-m/nofp/libc.a(libc_a-fclose.o) (__sflush_r)
/usr/lib/gcc/arm-none-eabi/13.2.1/../../../arm-none-eabi/lib/thumb/v7-m/nofp/libc.a(libc_a-errno.o)
[...]
Memory Configuration

Name             Origin             Length             Attributes
RAM              0x20000000         0x00005000         xrw
FLASH            0x08000000         0x00010000         xr
FLASHB1          0x00000000         0x00000000         xr
EXTMEMB0         0x00000000         0x00000000         xr
EXTMEMB1         0x00000000         0x00000000         xr
EXTMEMB2         0x00000000         0x00000000         xr
EXTMEMB3         0x00000000         0x00000000         xr
*default*        0x00000000         0xffffffff

Linker script and memory map

LOAD /usr/lib/gcc/arm-none-eabi/13.2.1/thumb/v7-m/nofp/crti.o
LOAD /usr/lib/gcc/arm-none-eabi/13.2.1/thumb/v7-m/nofp/crtbegin.o
LOAD /usr/lib/gcc/arm-none-eabi/13.2.1/../../../arm-none-eabi/lib/thumb/v7-m/nofp/crt0.o
                0x00001000                        __Stack_Size = 0x1000
                [!provide]                        PROVIDE (_Stack_Size = __Stack_Size)
                0x20003fff                        __Stack_Init = (_estack - __Stack_Size)
                [!provide]                        PROVIDE (_Stack_Init = __Stack_Init)
                0x00000200                        _Minimum_Stack_Size = 0x200
                0x20004fff                        _estack = 0x20004fff

.isr_vector     0x08000000      0x10c
                0x08000000                        . = ALIGN (0x4)
 *(.isr_vector)
 .isr_vector    0x08000000      0x10c ./src/startup.o
                0x08000000                g_pfnVectors
                0x0800010c                        . = ALIGN (0x4)

.flashtext      0x0800010c        0x0
                0x0800010c                        . = ALIGN (0x4)
 *(.flashtext)
                0x0800010c                        . = ALIGN (0x4)

.text           0x0800010c      0x600
                0x0800010c                        . = ALIGN (0x4)
 *(.text)
 .text          0x0800010c       0xa0 /usr/lib/gcc/arm-none-eabi/13.2.1/../../../arm-none-eabi/lib/thumb/v7-m/nofp/libc.a(libc_a-memset.o)
                0x0800010c                memset
 *(.text.*)
 .text.Reset_Handler
                0x080001ac       0x44 ./src/startup.o
                0x080001ac                Reset_Handler
 .text.Default_Handler
                0x080001f0        0x2 ./src/startup.o
                0x080001f0                EXTI2_IRQHandler
                0x080001f0                TIM1_CC_IRQHandler
                0x080001f0                PVD_IRQHandler
                0x080001f0                EXTI3_IRQHandler
                0x080001f0                EXTI0_IRQHandler
                0x080001f0                I2C2_EV_IRQHandler
                0x080001f0                ADC1_2_IRQHandler
                0x080001f0                SPI1_IRQHandler
                0x080001f0                TAMPER_IRQHandler
                0x080001f0                DMA1_Channel4_IRQHandler
                0x080001f0                USART3_IRQHandler
                0x080001f0                RTC_IRQHandler
                0x080001f0                DMA1_Channel7_IRQHandler
                0x080001f0                CAN1_RX1_IRQHandler
                0x080001f0                TIM4_IRQHandler
                0x080001f0                I2C1_EV_IRQHandler
                0x080001f0                DMA1_Channel6_IRQHandler
                0x080001f0                TIM3_IRQHandler
                0x080001f0                RCC_IRQHandler
                0x080001f0                TIM1_TRG_COM_IRQHandler
                0x080001f0                DMA1_Channel1_IRQHandler
                0x080001f0                Default_Handler
                0x080001f0                EXTI15_10_IRQHandler
                0x080001f0                EXTI9_5_IRQHandler
                0x080001f0                SPI2_IRQHandler
                0x080001f0                DMA1_Channel5_IRQHandler
                0x080001f0                EXTI4_IRQHandler
                0x080001f0                USB_LP_CAN1_RX0_IRQHandler
                0x080001f0                USB_HP_CAN1_TX_IRQHandler
                0x080001f0                DMA1_Channel3_IRQHandler
                0x080001f0                TIM1_UP_IRQHandler
                0x080001f0                WWDG_IRQHandler
                0x080001f0                TIM2_IRQHandler
                0x080001f0                TIM1_BRK_IRQHandler
                0x080001f0                EXTI1_IRQHandler
                0x080001f0                RTCAlarm_IRQHandler
                0x080001f0                USART2_IRQHandler
                0x080001f0                I2C2_ER_IRQHandler
                0x080001f0                DMA1_Channel2_IRQHandler
                0x080001f0                CAN1_SCE_IRQHandler
                0x080001f0                FLASH_IRQHandler
                0x080001f0                USART1_IRQHandler
                0x080001f0                I2C1_ER_IRQHandler
                0x080001f0                USBWakeUp_IRQHandler
 *fill*         0x080001f2        0x2 
 .text.SystemInit
                0x080001f4       0xd0 ./src/fw_lib/system_stm32f10x.o
                0x080001f4                SystemInit
 .text.NMI_Handler
                0x080002c4        0x2 ./src/stm32f10x_it.o
                0x080002c4                NMI_Handler
 .text.HardFault_Handler
                0x080002c6        0x2 ./src/stm32f10x_it.o
                0x080002c6                HardFault_Handler
 .text.MemManage_Handler
                0x080002c8        0x2 ./src/stm32f10x_it.o
                0x080002c8                MemManage_Handler
 .text.BusFault_Handler
                0x080002ca        0x2 ./src/stm32f10x_it.o
                0x080002ca                BusFault_Handler
 .text.UsageFault_Handler
                0x080002cc        0x2 ./src/stm32f10x_it.o
                0x080002cc                UsageFault_Handler
 .text.SVC_Handler
                0x080002ce        0x2 ./src/stm32f10x_it.o
                0x080002ce                SVC_Handler
 .text.DebugMon_Handler
                0x080002d0        0x2 ./src/stm32f10x_it.o
                0x080002d0                DebugMon_Handler
 .text.PendSV_Handler
                0x080002d2        0x2 ./src/stm32f10x_it.o
                0x080002d2                PendSV_Handler
 .text.SysTick_Handler
                0x080002d4        0x2 ./src/stm32f10x_it.o
                0x080002d4                SysTick_Handler
 *fill*         0x080002d6        0x2 
 .text.RccClockInit
                0x080002d8       0xa0 ./src/rcc.o
                0x080002d8                RccClockInit
 .text.sleep    0x08000378       0x12 ./src/sync.o
                0x08000378                sleep
 *fill*         0x0800038a        0x2 
 .text.SPI1Init
                0x0800038c       0x98 ./src/ssd1306.o
                0x0800038c                SPI1Init
 .text.SPI1Transmit
                0x08000424       0x18 ./src/ssd1306.o
                0x08000424                SPI1Transmit
 .text.ssd1306RunDisplayUPD
                0x0800043c       0x4c ./src/ssd1306.o
                0x0800043c                ssd1306RunDisplayUPD
 .text.ssd1306SendCommand
                0x08000488       0x20 ./src/ssd1306.o
                0x08000488                ssd1306SendCommand
 .text.ssd1306Init
                0x080004a8       0xb8 ./src/ssd1306.o
                0x080004a8                ssd1306Init
 .text.ssd1306DrawPixel
                0x08000560       0x44 ./src/ssd1306.o
                0x08000560                ssd1306DrawPixel
 .text.updateAndSleep
                0x080005a4        0xe ./src/ssd1306.o
                0x080005a4                updateAndSleep
 .text.ssd1306SpiralStep
                0x080005b2       0xb2 ./src/ssd1306.o
                0x080005b2                ssd1306SpiralStep
 .text.startup.main
                0x08000664       0xa0 ./src/main.o
                0x08000664                main
 *(.rodata)
 *(.rodata*)
 *(.glue_7)
 .glue_7        0x08000704        0x0 linker stubs
 *(.glue_7t)
 .glue_7t       0x08000704        0x0 linker stubs
 *(.init)
 .init          0x08000704        0x4 /usr/lib/gcc/arm-none-eabi/13.2.1/thumb/v7-m/nofp/crti.o
                0x08000704                _init
 *(.init.*)
 *(.fini)
 .fini          0x08000708        0x4 /usr/lib/gcc/arm-none-eabi/13.2.1/thumb/v7-m/nofp/crti.o
                0x08000708                _fini
 *(.fini.*)
                0x0800070c                        . = ALIGN (0x4)
                0x0800070c                        _etext = .
                0x0800070c                        _sidata = _etext

.vfp11_veneer   0x0800070c        0x0
 .vfp11_veneer  0x0800070c        0x0 linker stubs

.v4_bx          0x0800070c        0x0
 .v4_bx         0x0800070c        0x0 linker stubs

.iplt           0x0800070c        0x0
 .iplt          0x0800070c        0x0 ./src/startup.o

.rel.dyn        0x0800070c        0x0
 .rel.iplt      0x0800070c        0x0 ./src/startup.o

.data           0x20000000        0x0 load address 0x0800070c
                0x20000000                        . = ALIGN (0x4)
                0x20000000                        _sdata = .
 *(.data)
 *(.data.*)
                0x20000000                        . = ALIGN (0x4)
                0x20000000                        _edata = .

.igot.plt       0x20000000        0x0
 .igot.plt      0x20000000        0x0 ./src/startup.o

.bss            0x20000000      0x400
                0x20000000                        . = ALIGN (0x4)
                0x20000000                        _sbss = .
 *(.bss)
 *(.bss.*)
 .bss.displayBuff
                0x20000000      0x400 ./src/ssd1306.o
 *(COMMON)
                0x20000400                        . = ALIGN (0x4)
                0x20000400                        _ebss = .
                [!provide]                        PROVIDE (end = _ebss)
                [!provide]                        PROVIDE (_end = _ebss)

._usrstack      0x20000400      0x200
                0x20000400                        . = ALIGN (0x4)
                0x20000400                        _susrstack = .
                0x20000600                        . = (. + _Minimum_Stack_Size)
 *fill*         0x20000400      0x200 
                0x20000600                        . = ALIGN (0x4)
                0x20000600                        _eusrstack = .

.b1text
 *(.b1text)
 *(.b1rodata)
 *(.b1rodata*)

.eb0text
 *(.eb0text)
 *(.eb0rodata)
 *(.eb0rodata*)

.eb1text
 *(.eb1text)
 *(.eb1rodata)
 *(.eb1rodata*)

.eb2text
 *(.eb2text)
 *(.eb2rodata)
 *(.eb2rodata*)

.eb3text
 *(.eb3text)
 *(.eb3rodata)
 *(.eb3rodata*)
                0x20000600                        __exidx_start = .

.ARM.exidx
 *(.ARM.exidx* .gnu.linkonce.armexidx.*)
                0x20000600                        __exidx_end = .

DISCARD         0x20000600      0x77d
 libc.a(*)
 .debug_info    0x20000600      0x135 /usr/lib/gcc/arm-none-eabi/13.2.1/../../../arm-none-eabi/lib/thumb/v7-m/nofp/libc.a(libc_a-memset.o)
 .debug_abbrev  0x20000735       0xb7 /usr/lib/gcc/arm-none-eabi/13.2.1/../../../arm-none-eabi/lib/thumb/v7-m/nofp/libc.a(libc_a-memset.o)
 .debug_loclists
                0x200007ec      0x1d7 /usr/lib/gcc/arm-none-eabi/13.2.1/../../../arm-none-eabi/lib/thumb/v7-m/nofp/libc.a(libc_a-memset.o)
 .debug_aranges
                0x200009c3       0x20 /usr/lib/gcc/arm-none-eabi/13.2.1/../../../arm-none-eabi/lib/thumb/v7-m/nofp/libc.a(libc_a-memset.o)
 .debug_line    0x200009e3      0x1b1 /usr/lib/gcc/arm-none-eabi/13.2.1/../../../arm-none-eabi/lib/thumb/v7-m/nofp/libc.a(libc_a-memset.o)
 .debug_str     0x20000b94      0x18d /usr/lib/gcc/arm-none-eabi/13.2.1/../../../arm-none-eabi/lib/thumb/v7-m/nofp/libc.a(libc_a-memset.o)
                                0x1a0 (size before relaxing)
 .comment       0x20000d21       0x27 /usr/lib/gcc/arm-none-eabi/13.2.1/../../../arm-none-eabi/lib/thumb/v7-m/nofp/libc.a(libc_a-memset.o)
 *fill*         0x20000d21        0x3 
 .debug_frame   0x20000d24       0x2c /usr/lib/gcc/arm-none-eabi/13.2.1/../../../arm-none-eabi/lib/thumb/v7-m/nofp/libc.a(libc_a-memset.o)
 .ARM.attributes
                0x20000d50       0x2d /usr/lib/gcc/arm-none-eabi/13.2.1/../../../arm-none-eabi/lib/thumb/v7-m/nofp/libc.a(libc_a-memset.o)
 libm.a(*)
 libgcc.a(*)

.stab
 *(.stab)

.stabstr
 *(.stabstr)

.stab.excl
 *(.stab.excl)

.stab.exclstr
 *(.stab.exclstr)

.stab.index
 *(.stab.index)

.stab.indexstr
 *(.stab.indexstr)

.comment        0x00000000       0x7f
 *(.comment)
 .comment       0x00000000       0x7f ./src/fw_lib/system_stm32f10x.o
                                 0x27 (size before relaxing)
 .comment       0x0000007f       0x5a ./src/stm32f10x_it.o
 .comment       0x0000007f       0x27 ./src/rcc.o
 .comment       0x0000007f       0x27 ./src/sync.o
 .comment       0x0000007f       0x27 ./src/ssd1306.o
 .comment       0x0000007f       0x27 ./src/main.o

.ARM.attributes
                0x00000000       0x29
 .ARM.attributes
                0x00000000       0x1d /usr/lib/gcc/arm-none-eabi/13.2.1/thumb/v7-m/nofp/crti.o
 .ARM.attributes
                0x0000001d       0x21 ./src/startup.o
 .ARM.attributes
                0x0000003e       0x2d ./src/fw_lib/system_stm32f10x.o
 .ARM.attributes
                0x0000006b       0x2d ./src/stm32f10x_it.o
 .ARM.attributes
                0x00000098       0x2d ./src/rcc.o
 .ARM.attributes
                0x000000c5       0x2d ./src/sync.o
 .ARM.attributes
                0x000000f2       0x2d ./src/ssd1306.o
 .ARM.attributes
                0x0000011f       0x2d ./src/main.o

.debug
 *(.debug)

.line
 *(.line)

.debug_srcinfo
 *(.debug_srcinfo)

.debug_sfnames
 *(.debug_sfnames)

.debug_aranges  0x00000000      0x158
 *(.debug_aranges)
 .debug_aranges
                0x00000000       0x28 ./src/startup.o
 .debug_aranges
                0x00000028       0x28 ./src/fw_lib/system_stm32f10x.o
 .debug_aranges
                0x00000050       0x40 ./src/stm32f10x_it.o
 .debug_aranges
                0x00000090       0x20 ./src/rcc.o
 .debug_aranges
                0x000000b0       0x20 ./src/sync.o
 .debug_aranges
                0x000000d0       0x68 ./src/ssd1306.o
 .debug_aranges
                0x00000138       0x20 ./src/main.o

.debug_pubnames
 *(.debug_pubnames)

.debug_info     0x00000000     0x1693
 *(.debug_info .gnu.linkonce.wi.*)
 .debug_info    0x00000000       0x30 ./src/startup.o
 .debug_info    0x00000030      0x3e8 ./src/fw_lib/system_stm32f10x.o
 .debug_info    0x00000418      0x122 ./src/stm32f10x_it.o
 .debug_info    0x0000053a      0x1ef ./src/rcc.o
 .debug_info    0x00000729       0xae ./src/sync.o
 .debug_info    0x000007d7      0x929 ./src/ssd1306.o
 .debug_info    0x00001100      0x593 ./src/main.o

.debug_abbrev   0x00000000      0x850
 *(.debug_abbrev)
 .debug_abbrev  0x00000000       0x24 ./src/startup.o
 .debug_abbrev  0x00000024      0x1e1 ./src/fw_lib/system_stm32f10x.o
 .debug_abbrev  0x00000205       0xb7 ./src/stm32f10x_it.o
 .debug_abbrev  0x000002bc       0xb9 ./src/rcc.o
 .debug_abbrev  0x00000375       0x7d ./src/sync.o
 .debug_abbrev  0x000003f2      0x255 ./src/ssd1306.o
 .debug_abbrev  0x00000647      0x209 ./src/main.o

.debug_line     0x00000000     0x1191
 *(.debug_line)
 .debug_line    0x00000000       0x75 ./src/startup.o
 .debug_line    0x00000075      0x2e1 ./src/fw_lib/system_stm32f10x.o
 .debug_line    0x00000356      0x342 ./src/stm32f10x_it.o
 .debug_line    0x00000698      0x1bc ./src/rcc.o
 .debug_line    0x00000854       0x97 ./src/sync.o
 .debug_line    0x000008eb      0x63b ./src/ssd1306.o
 .debug_line    0x00000f26      0x26b ./src/main.o

.debug_frame    0x00000000      0x254
 *(.debug_frame)
 .debug_frame   0x00000000       0x38 ./src/fw_lib/system_stm32f10x.o
 .debug_frame   0x00000038       0xb0 ./src/stm32f10x_it.o
 .debug_frame   0x000000e8       0x20 ./src/rcc.o
 .debug_frame   0x00000108       0x28 ./src/sync.o
 .debug_frame   0x00000130       0xfc ./src/ssd1306.o
 .debug_frame   0x0000022c       0x28 ./src/main.o

.debug_str      0x00000000    0x5125c
 *(.debug_str)
 .debug_str     0x00000000    0x5125c ./src/startup.o
                                 0x62 (size before relaxing)
 .debug_str     0x0005125c    0x32210 ./src/fw_lib/system_stm32f10x.o
 .debug_str     0x0005125c    0x4ceda ./src/stm32f10x_it.o
 .debug_str     0x0005125c    0x3212c ./src/rcc.o
 .debug_str     0x0005125c     0x38a1 ./src/sync.o
 .debug_str     0x0005125c    0x35510 ./src/ssd1306.o
 .debug_str     0x0005125c    0x35697 ./src/main.o

.debug_loc
 *(.debug_loc)

.debug_macinfo
 *(.debug_macinfo)

.debug_weaknames
 *(.debug_weaknames)

.debug_funcnames
 *(.debug_funcnames)

.debug_typenames
 *(.debug_typenames)

.debug_varnames
 *(.debug_varnames)
LOAD ./src/startup.o
LOAD ./src/fw_lib/system_stm32f10x.o
LOAD ./src/stm32f10x_it.o
LOAD ./src/newlib_stubs.o
LOAD ./Objects/core_cm3.o
LOAD ./src/fw_lib/stm32f10x_rcc.o
LOAD ./src/fw_lib/stm32f10x_gpio.o
LOAD ./src/rcc.o
LOAD ./src/sync.o
LOAD ./src/ssd1306.o
LOAD ./src/main.o
START GROUP
LOAD /usr/lib/gcc/arm-none-eabi/13.2.1/thumb/v7-m/nofp/libgcc.a
LOAD /usr/lib/gcc/arm-none-eabi/13.2.1/../../../arm-none-eabi/lib/thumb/v7-m/nofp/libc.a
END GROUP
LOAD /usr/lib/gcc/arm-none-eabi/13.2.1/thumb/v7-m/nofp/crtend.o
LOAD /usr/lib/gcc/arm-none-eabi/13.2.1/thumb/v7-m/nofp/crtn.o
OUTPUT(output/main.elf elf32-littlearm)
LOAD linker stubs
LOAD /usr/lib/gcc/arm-none-eabi/13.2.1/../../../arm-none-eabi/lib/thumb/v7-m/nofp/libc.a
LOAD /usr/lib/gcc/arm-none-eabi/13.2.1/../../../arm-none-eabi/lib/thumb/v7-m/nofp/libm.a
LOAD /usr/lib/gcc/arm-none-eabi/13.2.1/thumb/v7-m/nofp/libgcc.a

.debug_line_str
                0x00000000       0x48
 .debug_line_str
                0x00000000       0x48 ./src/startup.o

.debug_rnglists
                0x00000000       0xea
 .debug_rnglists
                0x00000000       0x19 ./src/startup.o
 .debug_rnglists
                0x00000019       0x1a ./src/fw_lib/system_stm32f10x.o
 .debug_rnglists
                0x00000033       0x14 ./src/rcc.o
 .debug_rnglists
                0x00000047       0x13 ./src/sync.o
 .debug_rnglists
                0x0000005a       0x7c ./src/ssd1306.o
 .debug_rnglists
                0x000000d6       0x14 ./src/main.o

.debug_loclists
                0x00000000      0x41f
 .debug_loclists
                0x00000000       0x9d ./src/fw_lib/system_stm32f10x.o
 .debug_loclists
                0x0000009d       0x70 ./src/rcc.o
 .debug_loclists
                0x0000010d      0x2fa ./src/ssd1306.o
 .debug_loclists
                0x00000407       0x18 ./src/main.o

.debug_macro    0x00000000    0x15a08
 .debug_macro   0x00000000       0x4f ./src/fw_lib/system_stm32f10x.o
 .debug_macro   0x0000004f      0xac0 ./src/fw_lib/system_stm32f10x.o
 .debug_macro   0x00000b0f       0x5c ./src/fw_lib/system_stm32f10x.o
 .debug_macro   0x00000b6b       0x22 ./src/fw_lib/system_stm32f10x.o
 .debug_macro   0x00000b8d      0x34e ./src/fw_lib/system_stm32f10x.o
 .debug_macro   0x00000edb      0x69f ./src/fw_lib/system_stm32f10x.o
 .debug_macro   0x0000157a     0x7ed6 ./src/fw_lib/system_stm32f10x.o
 .debug_macro   0x00009450      0x13c ./src/stm32f10x_it.o
 .debug_macro   0x0000958c      0xa90 ./src/stm32f10x_it.o
 .debug_macro   0x0000a01c       0x62 ./src/stm32f10x_it.o
 .debug_macro   0x0000a07e     0x7dbe ./src/stm32f10x_it.o
 .debug_macro   0x00011e3c      0x2df ./src/stm32f10x_it.o
 .debug_macro   0x0001211b      0x144 ./src/stm32f10x_it.o
 .debug_macro   0x0001225f      0x3cf ./src/stm32f10x_it.o
 .debug_macro   0x0001262e       0xc8 ./src/stm32f10x_it.o
 .debug_macro   0x000126f6      0x17a ./src/stm32f10x_it.o
 .debug_macro   0x00012870       0xac ./src/stm32f10x_it.o
 .debug_macro   0x0001291c      0x3ad ./src/stm32f10x_it.o
 .debug_macro   0x00012cc9       0x9a ./src/stm32f10x_it.o
 .debug_macro   0x00012d63      0x2cf ./src/stm32f10x_it.o
 .debug_macro   0x00013032      0x279 ./src/stm32f10x_it.o
 .debug_macro   0x000132ab      0x2ac ./src/stm32f10x_it.o
 .debug_macro   0x00013557      0x2b1 ./src/stm32f10x_it.o
 .debug_macro   0x00013808       0x64 ./src/stm32f10x_it.o
 .debug_macro   0x0001386c       0x82 ./src/stm32f10x_it.o
 .debug_macro   0x000138ee      0x3e2 ./src/stm32f10x_it.o
 .debug_macro   0x00013cd0       0x58 ./src/stm32f10x_it.o
 .debug_macro   0x00013d28      0x341 ./src/stm32f10x_it.o
 .debug_macro   0x00014069      0x2c4 ./src/stm32f10x_it.o
 .debug_macro   0x0001432d      0x711 ./src/stm32f10x_it.o
 .debug_macro   0x00014a3e      0x220 ./src/stm32f10x_it.o
 .debug_macro   0x00014c5e       0x34 ./src/stm32f10x_it.o
 .debug_macro   0x00014c92       0x8b ./src/stm32f10x_it.o
 .debug_macro   0x00014d1d       0x35 ./src/stm32f10x_it.o
 .debug_macro   0x00014d52       0x4c ./src/rcc.o
 .debug_macro   0x00014d9e       0x1a ./src/sync.o
 .debug_macro   0x00014db8      0x138 ./src/ssd1306.o
 .debug_macro   0x00014ef0       0x24 ./src/ssd1306.o
 .debug_macro   0x00014f14       0x22 ./src/ssd1306.o
 .debug_macro   0x00014f36       0x60 ./src/ssd1306.o
 .debug_macro   0x00014f96       0x94 ./src/ssd1306.o
 .debug_macro   0x0001502a       0x3c ./src/ssd1306.o
 .debug_macro   0x00015066       0x16 ./src/ssd1306.o
 .debug_macro   0x0001507c      0x11c ./src/ssd1306.o
 .debug_macro   0x00015198       0x9b ./src/ssd1306.o
 .debug_macro   0x00015233      0x370 ./src/ssd1306.o
 .debug_macro   0x000155a3       0x4a ./src/ssd1306.o
 .debug_macro   0x000155ed       0x34 ./src/ssd1306.o
 .debug_macro   0x00015621       0x10 ./src/ssd1306.o
 .debug_macro   0x00015631      0x1de ./src/ssd1306.o
 .debug_macro   0x0001580f       0x16 ./src/ssd1306.o
 .debug_macro   0x00015825       0x29 ./src/ssd1306.o
 .debug_macro   0x0001584e       0x3a ./src/ssd1306.o
 .debug_macro   0x00015888      0x140 ./src/main.o
 .debug_macro   0x000159c8       0x40 ./src/main.o

.debug_ranges   0x00000000       0x30
 .debug_ranges  0x00000000       0x30 ./src/stm32f10x_it.o
